// Jest Snapshot v1, https://goo.gl/fbAQLP

exports[`Es hora de las instant치neas Siempre fallara la instant치nea 1`] = `
Object {
	"createAt": Any<Date>,
	"id": Any<Number>,
}
`;

exports[`Es hora de las instant치neas Snapshot 1`] = `
Object {
	"gender": "Male",
	"id": 1,
	"name": "Rick Sanchez",
	"species": "Human",
	"status": "Alive",
}
`;

exports[`Es hora de las instant치neas Tenemos excepciones 1`] = `
Object {
	"id": Any<Number>,
	"name": "Oscar Barajas",
}
`;
