// Jest Snapshot v1, https://goo.gl/fbAQLP

exports[`HelloWorld.vue Creando un snapshot con vue 1`] = `undefined`;
